#! /usr/bin/vvp
:ivl_version "11.0 (stable)";
:ivl_delay_selection "TYPICAL";
:vpi_time_precision + 0;
:vpi_module "/usr/lib/x86_64-linux-gnu/ivl/system.vpi";
:vpi_module "/usr/lib/x86_64-linux-gnu/ivl/vhdl_sys.vpi";
:vpi_module "/usr/lib/x86_64-linux-gnu/ivl/vhdl_textio.vpi";
:vpi_module "/usr/lib/x86_64-linux-gnu/ivl/v2005_math.vpi";
:vpi_module "/usr/lib/x86_64-linux-gnu/ivl/va_math.vpi";
:vpi_module "/usr/lib/x86_64-linux-gnu/ivl/v2009.vpi";
S_0x61c6d3465cf0 .scope package, "$unit" "$unit" 2 1;
 .timescale 0 0;
S_0x61c6d3465e80 .scope module, "warp_scheduler" "warp_scheduler" 3 1;
 .timescale 0 0;
    .port_info 0 /INPUT 1 "clk";
    .port_info 1 /INPUT 1 "rst";
    .port_info 2 /INPUT 1 "mem_req";
    .port_info 3 /INPUT 1 "mem_done";
    .port_info 4 /INPUT 1 "halt";
    .port_info 5 /INPUT 2 "warp_id_from_ms";
    .port_info 6 /INPUT 4 "warp_active";
    .port_info 7 /OUTPUT 2 "warp_id_to_ms";
    .port_info 8 /OUTPUT 8 "present_warp_pc";
    .port_info 9 /OUTPUT 16 "present_warp_mask";
    .port_info 10 /OUTPUT 2 "current_warp_id";
P_0x61c6d3466010 .param/l "HALTED" 0 3 25, C4<10>;
P_0x61c6d3466050 .param/l "IDLE" 0 3 23, C4<00>;
P_0x61c6d3466090 .param/l "NUM_WARPS" 0 3 1, +C4<00000000000000000000000000000100>;
P_0x61c6d34660d0 .param/l "SEARCHING" 0 3 24, C4<01>;
L_0x61c6d34c94b0 .functor BUFZ 2, v0x61c6d34c8420_0, C4<00>, C4<00>, C4<00>;
L_0x61c6d34c95a0 .functor BUFZ 2, v0x61c6d34c8420_0, C4<00>, C4<00>, C4<00>;
L_0x61c6d34c9850 .functor BUFZ 8, L_0x61c6d34c9640, C4<00000000>, C4<00000000>, C4<00000000>;
L_0x61c6d34c9b00 .functor BUFZ 16, L_0x61c6d34c9910, C4<0000000000000000>, C4<0000000000000000>, C4<0000000000000000>;
v0x61c6d34c7dd0_0 .net *"_ivl_12", 15 0, L_0x61c6d34c9910;  1 drivers
v0x61c6d34c7ed0_0 .net *"_ivl_14", 3 0, L_0x61c6d34c99e0;  1 drivers
L_0x7871a81b7060 .functor BUFT 1, C4<00>, C4<0>, C4<0>, C4<0>;
v0x61c6d34c7fb0_0 .net *"_ivl_17", 1 0, L_0x7871a81b7060;  1 drivers
v0x61c6d34c8070_0 .net *"_ivl_4", 7 0, L_0x61c6d34c9640;  1 drivers
v0x61c6d34c8150_0 .net *"_ivl_6", 3 0, L_0x61c6d34c9710;  1 drivers
L_0x7871a81b7018 .functor BUFT 1, C4<00>, C4<0>, C4<0>, C4<0>;
v0x61c6d34c8280_0 .net *"_ivl_9", 1 0, L_0x7871a81b7018;  1 drivers
o0x7871a845a228 .functor BUFZ 1, C4<z>; HiZ drive
v0x61c6d34c8360_0 .net "clk", 0 0, o0x7871a845a228;  0 drivers
v0x61c6d34c8420_0 .var "current_warp", 1 0;
v0x61c6d34c8500_0 .net "current_warp_id", 1 0, L_0x61c6d34c95a0;  1 drivers
v0x61c6d34c85e0_0 .var "found", 0 0;
o0x7871a845a2e8 .functor BUFZ 1, C4<z>; HiZ drive
v0x61c6d34c86a0_0 .net "halt", 0 0, o0x7871a845a2e8;  0 drivers
o0x7871a845a318 .functor BUFZ 1, C4<z>; HiZ drive
v0x61c6d34c8760_0 .net "mem_done", 0 0, o0x7871a845a318;  0 drivers
o0x7871a845a348 .functor BUFZ 1, C4<z>; HiZ drive
v0x61c6d34c8820_0 .net "mem_req", 0 0, o0x7871a845a348;  0 drivers
v0x61c6d34c88e0_0 .var "present_state", 1 0;
v0x61c6d34c89c0_0 .net "present_warp_mask", 15 0, L_0x61c6d34c9b00;  1 drivers
v0x61c6d34c8aa0_0 .net "present_warp_pc", 7 0, L_0x61c6d34c9850;  1 drivers
o0x7871a845a408 .functor BUFZ 1, C4<z>; HiZ drive
v0x61c6d34c8b80_0 .net "rst", 0 0, o0x7871a845a408;  0 drivers
o0x7871a845a438 .functor BUFZ 1, C4<z>; HiZ drive
v0x61c6d34c8d50 .array "warp_active", 3 0;
v0x61c6d34c8d50_0 .net v0x61c6d34c8d50 0, 0 0, o0x7871a845a438; 0 drivers
o0x7871a845a468 .functor BUFZ 1, C4<z>; HiZ drive
v0x61c6d34c8d50_1 .net v0x61c6d34c8d50 1, 0 0, o0x7871a845a468; 0 drivers
o0x7871a845a498 .functor BUFZ 1, C4<z>; HiZ drive
v0x61c6d34c8d50_2 .net v0x61c6d34c8d50 2, 0 0, o0x7871a845a498; 0 drivers
o0x7871a845a4c8 .functor BUFZ 1, C4<z>; HiZ drive
v0x61c6d34c8d50_3 .net v0x61c6d34c8d50 3, 0 0, o0x7871a845a4c8; 0 drivers
v0x61c6d34c8e70 .array "warp_finished", 3 0, 0 0;
o0x7871a845a4f8 .functor BUFZ 2, C4<zz>; HiZ drive
v0x61c6d34c8f10_0 .net "warp_id_from_ms", 1 0, o0x7871a845a4f8;  0 drivers
v0x61c6d34c8ff0_0 .net "warp_id_to_ms", 1 0, L_0x61c6d34c94b0;  1 drivers
v0x61c6d34c90d0 .array "warp_mask", 3 0, 15 0;
v0x61c6d34c9190 .array "warp_pc", 3 0, 7 0;
v0x61c6d34c9250 .array "warp_stalled", 3 0, 0 0;
E_0x61c6d34a15f0 .event posedge, v0x61c6d34c8360_0;
L_0x61c6d34c9640 .array/port v0x61c6d34c9190, L_0x61c6d34c9710;
L_0x61c6d34c9710 .concat [ 2 2 0 0], v0x61c6d34c8420_0, L_0x7871a81b7018;
L_0x61c6d34c9910 .array/port v0x61c6d34c90d0, L_0x61c6d34c99e0;
L_0x61c6d34c99e0 .concat [ 2 2 0 0], v0x61c6d34c8420_0, L_0x7871a81b7060;
S_0x61c6d3496fe0 .scope begin, "$ivl_for_loop0" "$ivl_for_loop0" 3 33, 3 33 0, S_0x61c6d3465e80;
 .timescale 0 0;
v0x61c6d34971c0_0 .var/i "i", 31 0;
S_0x61c6d34c7230 .scope begin, "$ivl_for_loop1" "$ivl_for_loop1" 3 65, 3 65 0, S_0x61c6d3465e80;
 .timescale 0 0;
v0x61c6d34c7710_0 .var/i "i", 31 0;
S_0x61c6d34c7430 .scope begin, "$unm_blk_9" "$unm_blk_9" 3 65, 3 65 0, S_0x61c6d34c7230;
 .timescale 0 0;
v0x61c6d34c7610_0 .var/i "id", 31 0;
S_0x61c6d34c7810 .scope begin, "$ivl_for_loop2" "$ivl_for_loop2" 3 80, 3 80 0, S_0x61c6d3465e80;
 .timescale 0 0;
v0x61c6d34c7cd0_0 .var/i "i", 31 0;
S_0x61c6d34c79f0 .scope begin, "$unm_blk_12" "$unm_blk_12" 3 80, 3 80 0, S_0x61c6d34c7810;
 .timescale 0 0;
v0x61c6d34c7bd0_0 .var/i "id", 31 0;
    .scope S_0x61c6d3465e80;
T_0 ;
    %wait E_0x61c6d34a15f0;
    %load/vec4 v0x61c6d34c8b80_0;
    %flag_set/vec4 8;
    %jmp/0xz  T_0.0, 8;
    %fork t_1, S_0x61c6d3496fe0;
    %jmp t_0;
    .scope S_0x61c6d3496fe0;
t_1 ;
    %pushi/vec4 0, 0, 32;
    %store/vec4 v0x61c6d34971c0_0, 0, 32;
T_0.2 ;
    %load/vec4 v0x61c6d34971c0_0;
    %cmpi/s 4, 0, 32;
    %jmp/0xz T_0.3, 5;
    %pushi/vec4 65535, 0, 16;
    %ix/getv/s 3, v0x61c6d34971c0_0;
    %ix/load 4, 0, 0; Constant delay
    %assign/vec4/a/d v0x61c6d34c90d0, 0, 4;
    %pushi/vec4 0, 0, 1;
    %ix/getv/s 3, v0x61c6d34971c0_0;
    %ix/load 4, 0, 0; Constant delay
    %assign/vec4/a/d v0x61c6d34c9250, 0, 4;
    %pushi/vec4 0, 0, 1;
    %ix/getv/s 3, v0x61c6d34971c0_0;
    %ix/load 4, 0, 0; Constant delay
    %assign/vec4/a/d v0x61c6d34c8e70, 0, 4;
    %load/vec4 v0x61c6d34971c0_0;
    %addi 1, 0, 32;
    %store/vec4 v0x61c6d34971c0_0, 0, 32;
    %jmp T_0.2;
T_0.3 ;
    %end;
    .scope S_0x61c6d3465e80;
t_0 %join;
    %pushi/vec4 0, 0, 2;
    %assign/vec4 v0x61c6d34c8420_0, 0;
    %pushi/vec4 0, 0, 2;
    %assign/vec4 v0x61c6d34c88e0_0, 0;
    %pushi/vec4 0, 0, 8;
    %ix/load 3, 0, 0;
    %flag_set/imm 4, 0;
    %ix/load 4, 0, 0; Constant delay
    %assign/vec4/a/d v0x61c6d34c9190, 0, 4;
    %pushi/vec4 64, 0, 8;
    %ix/load 3, 1, 0;
    %flag_set/imm 4, 0;
    %ix/load 4, 0, 0; Constant delay
    %assign/vec4/a/d v0x61c6d34c9190, 0, 4;
    %pushi/vec4 128, 0, 8;
    %ix/load 3, 2, 0;
    %flag_set/imm 4, 0;
    %ix/load 4, 0, 0; Constant delay
    %assign/vec4/a/d v0x61c6d34c9190, 0, 4;
    %pushi/vec4 192, 0, 8;
    %ix/load 3, 3, 0;
    %flag_set/imm 4, 0;
    %ix/load 4, 0, 0; Constant delay
    %assign/vec4/a/d v0x61c6d34c9190, 0, 4;
    %jmp T_0.1;
T_0.0 ;
    %load/vec4 v0x61c6d34c88e0_0;
    %dup/vec4;
    %pushi/vec4 0, 0, 2;
    %cmp/u;
    %jmp/1 T_0.4, 6;
    %dup/vec4;
    %pushi/vec4 1, 0, 2;
    %cmp/u;
    %jmp/1 T_0.5, 6;
    %dup/vec4;
    %pushi/vec4 2, 0, 2;
    %cmp/u;
    %jmp/1 T_0.6, 6;
    %pushi/vec4 0, 0, 2;
    %assign/vec4 v0x61c6d34c88e0_0, 0;
    %jmp T_0.8;
T_0.4 ;
    %load/vec4 v0x61c6d34c8820_0;
    %flag_set/vec4 8;
    %jmp/0xz  T_0.9, 8;
    %pushi/vec4 1, 0, 1;
    %load/vec4 v0x61c6d34c8420_0;
    %pad/u 4;
    %ix/vec4 3;
    %ix/load 4, 0, 0; Constant delay
    %assign/vec4/a/d v0x61c6d34c9250, 0, 4;
    %pushi/vec4 1, 0, 2;
    %assign/vec4 v0x61c6d34c88e0_0, 0;
T_0.9 ;
    %load/vec4 v0x61c6d34c86a0_0;
    %flag_set/vec4 8;
    %jmp/0xz  T_0.11, 8;
    %pushi/vec4 1, 0, 1;
    %load/vec4 v0x61c6d34c8420_0;
    %pad/u 4;
    %ix/vec4 3;
    %ix/load 4, 0, 0; Constant delay
    %assign/vec4/a/d v0x61c6d34c8e70, 0, 4;
    %pushi/vec4 2, 0, 2;
    %assign/vec4 v0x61c6d34c88e0_0, 0;
T_0.11 ;
    %load/vec4 v0x61c6d34c8760_0;
    %flag_set/vec4 8;
    %jmp/0xz  T_0.13, 8;
    %pushi/vec4 0, 0, 1;
    %load/vec4 v0x61c6d34c8f10_0;
    %pad/u 4;
    %ix/vec4 3;
    %ix/load 4, 0, 0; Constant delay
    %assign/vec4/a/d v0x61c6d34c9250, 0, 4;
T_0.13 ;
    %jmp T_0.8;
T_0.5 ;
    %load/vec4 v0x61c6d34c8760_0;
    %flag_set/vec4 8;
    %jmp/0xz  T_0.15, 8;
    %pushi/vec4 0, 0, 1;
    %load/vec4 v0x61c6d34c8f10_0;
    %pad/u 4;
    %ix/vec4 3;
    %ix/load 4, 0, 0; Constant delay
    %assign/vec4/a/d v0x61c6d34c9250, 0, 4;
T_0.15 ;
    %pushi/vec4 0, 0, 1;
    %store/vec4 v0x61c6d34c85e0_0, 0, 1;
    %fork t_3, S_0x61c6d34c7230;
    %jmp t_2;
    .scope S_0x61c6d34c7230;
t_3 ;
    %pushi/vec4 0, 0, 32;
    %store/vec4 v0x61c6d34c7710_0, 0, 32;
T_0.17 ;
    %load/vec4 v0x61c6d34c7710_0;
    %cmpi/s 4, 0, 32;
    %jmp/0xz T_0.18, 5;
    %fork t_5, S_0x61c6d34c7430;
    %jmp t_4;
    .scope S_0x61c6d34c7430;
t_5 ;
    %load/vec4 v0x61c6d34c8420_0;
    %pad/u 32;
    %load/vec4 v0x61c6d34c7710_0;
    %add;
    %pushi/vec4 4, 0, 32;
    %mod;
    %store/vec4 v0x61c6d34c7610_0, 0, 32;
    %ix/getv/s 4, v0x61c6d34c7610_0;
    %load/vec4a v0x61c6d34c9250, 4;
    %pad/u 32;
    %pushi/vec4 0, 0, 32;
    %cmp/e;
    %flag_get/vec4 4;
    %ix/getv/s 4, v0x61c6d34c7610_0;
    %load/vec4a v0x61c6d34c8e70, 4;
    %pad/u 32;
    %pushi/vec4 0, 0, 32;
    %cmp/e;
    %flag_get/vec4 4;
    %and;
    %load/vec4 v0x61c6d34c85e0_0;
    %pad/u 32;
    %pushi/vec4 0, 0, 32;
    %cmp/e;
    %flag_get/vec4 4;
    %and;
    %ix/getv/s 4, v0x61c6d34c7610_0;
    %load/vec4a v0x61c6d34c8d50, 4;
    %and;
    %flag_set/vec4 8;
    %jmp/0xz  T_0.19, 8;
    %load/vec4 v0x61c6d34c7610_0;
    %pad/s 2;
    %assign/vec4 v0x61c6d34c8420_0, 0;
    %pushi/vec4 0, 0, 2;
    %assign/vec4 v0x61c6d34c88e0_0, 0;
    %pushi/vec4 1, 0, 1;
    %store/vec4 v0x61c6d34c85e0_0, 0, 1;
T_0.19 ;
    %end;
    .scope S_0x61c6d34c7230;
t_4 %join;
    %load/vec4 v0x61c6d34c7710_0;
    %addi 1, 0, 32;
    %store/vec4 v0x61c6d34c7710_0, 0, 32;
    %jmp T_0.17;
T_0.18 ;
    %end;
    .scope S_0x61c6d3465e80;
t_2 %join;
    %jmp T_0.8;
T_0.6 ;
    %load/vec4 v0x61c6d34c8760_0;
    %flag_set/vec4 8;
    %jmp/0xz  T_0.21, 8;
    %pushi/vec4 0, 0, 1;
    %load/vec4 v0x61c6d34c8f10_0;
    %pad/u 4;
    %ix/vec4 3;
    %ix/load 4, 0, 0; Constant delay
    %assign/vec4/a/d v0x61c6d34c9250, 0, 4;
T_0.21 ;
    %pushi/vec4 0, 0, 1;
    %store/vec4 v0x61c6d34c85e0_0, 0, 1;
    %fork t_7, S_0x61c6d34c7810;
    %jmp t_6;
    .scope S_0x61c6d34c7810;
t_7 ;
    %pushi/vec4 0, 0, 32;
    %store/vec4 v0x61c6d34c7cd0_0, 0, 32;
T_0.23 ;
    %load/vec4 v0x61c6d34c7cd0_0;
    %cmpi/s 4, 0, 32;
    %jmp/0xz T_0.24, 5;
    %fork t_9, S_0x61c6d34c79f0;
    %jmp t_8;
    .scope S_0x61c6d34c79f0;
t_9 ;
    %load/vec4 v0x61c6d34c8420_0;
    %pad/u 32;
    %load/vec4 v0x61c6d34c7cd0_0;
    %add;
    %pushi/vec4 4, 0, 32;
    %mod;
    %store/vec4 v0x61c6d34c7bd0_0, 0, 32;
    %ix/getv/s 4, v0x61c6d34c7bd0_0;
    %load/vec4a v0x61c6d34c9250, 4;
    %pad/u 32;
    %pushi/vec4 0, 0, 32;
    %cmp/e;
    %flag_get/vec4 4;
    %ix/getv/s 4, v0x61c6d34c7bd0_0;
    %load/vec4a v0x61c6d34c8e70, 4;
    %pad/u 32;
    %pushi/vec4 0, 0, 32;
    %cmp/e;
    %flag_get/vec4 4;
    %and;
    %load/vec4 v0x61c6d34c85e0_0;
    %pad/u 32;
    %pushi/vec4 0, 0, 32;
    %cmp/e;
    %flag_get/vec4 4;
    %and;
    %ix/getv/s 4, v0x61c6d34c7bd0_0;
    %load/vec4a v0x61c6d34c8d50, 4;
    %and;
    %flag_set/vec4 8;
    %jmp/0xz  T_0.25, 8;
    %load/vec4 v0x61c6d34c7bd0_0;
    %pad/s 2;
    %assign/vec4 v0x61c6d34c8420_0, 0;
    %pushi/vec4 0, 0, 2;
    %assign/vec4 v0x61c6d34c88e0_0, 0;
    %pushi/vec4 1, 0, 1;
    %store/vec4 v0x61c6d34c85e0_0, 0, 1;
T_0.25 ;
    %end;
    .scope S_0x61c6d34c7810;
t_8 %join;
    %load/vec4 v0x61c6d34c7cd0_0;
    %addi 1, 0, 32;
    %store/vec4 v0x61c6d34c7cd0_0, 0, 32;
    %jmp T_0.23;
T_0.24 ;
    %end;
    .scope S_0x61c6d3465e80;
t_6 %join;
    %jmp T_0.8;
T_0.8 ;
    %pop/vec4 1;
T_0.1 ;
    %jmp T_0;
    .thread T_0;
# The file index is used to find the file name in the following table.
:file_names 4;
    "N/A";
    "<interactive>";
    "-";
    "warp_scheduler.v";
